---
source: tests/erroneous.rs
expression: compiler_output
input_file: tests/erroneous/parsing/semicolon_within_parentheses1.sk
---
Error: unexpected token: Semicolon
   ╭─[tests/erroneous/parsing/semicolon_within_parentheses1.sk:7:14]
   │
 7 │ Test.new.foo(;1,2)
   │              ─  
   │                  
───╯
)
